 Lancement de l'application de gestion de tontine...
 Classpath: target/classes:resources:/home/yvo/.m2/repository/org/postgresql/postgresql/42.7.1/postgresql-42.7.1.jar:/home/yvo/.m2/repository/com/zaxxer/HikariCP/5.1.0/HikariCP-5.1.0.jar:/home/yvo/.m2/repository/org/slf4j/slf4j-api/1.7.36/slf4j-api-1.7.36.jar:/home/yvo/.m2/repository/com/toedter/jcalendar/1.4/jcalendar-1.4.jar:/home/yvo/.m2/repository/com/formdev/flatlaf/3.4/flatlaf-3.4.jar:/home/yvo/.m2/repository/com/formdev/flatlaf-intellij-themes/3.4/flatlaf-intellij-themes-3.4.jar
🔍 [DEBUG] Tentative de connexion à la base de données...
🔍 [DEBUG] Driver: org.postgresql.Driver
🔍 [DEBUG] Driver chargé avec succès
🔍 [DEBUG] URL: jdbc:postgresql://localhost:5432/gestion_tontine
🔍 [DEBUG] Username: tontine_user
🔍 [DEBUG] Password: [MASQUÉ]
✅ Connexion à la base de données établie avec succès
🔍 [DEBUG] Connexion valide: true
🔍 [DEBUG] Auto-commit: true
🔍 [DEBUG] Tentative de connexion à la base de données...
🔍 [DEBUG] Driver: org.postgresql.Driver
🔍 [DEBUG] Driver chargé avec succès
🔍 [DEBUG] URL: jdbc:postgresql://localhost:5432/gestion_tontine
🔍 [DEBUG] Username: tontine_user
🔍 [DEBUG] Password: [MASQUÉ]
✅ Connexion à la base de données établie avec succès
🔍 [DEBUG] Connexion valide: true
🔍 [DEBUG] Auto-commit: true
🔍 [TONTINE DEBUG] Recherche de toutes les tontines...
  - SQL: SELECT t.*, tt.nom as type_nom, tt.description as type_description, tt.est_obligatoire, tt.montant_cotisation, tt.frequence FROM Tontine t JOIN typetontine tt ON t.id_type = tt.id_type ORDER BY t.date_debut DESC
🔍 [DEBUG] Tentative de connexion à la base de données...
🔍 [DEBUG] Driver: org.postgresql.Driver
🔍 [DEBUG] Driver chargé avec succès
🔍 [DEBUG] URL: jdbc:postgresql://localhost:5432/gestion_tontine
🔍 [DEBUG] Username: tontine_user
🔍 [DEBUG] Password: [MASQUÉ]
✅ Connexion à la base de données établie avec succès
🔍 [DEBUG] Connexion valide: true
🔍 [DEBUG] Auto-commit: true
❌ [TONTINE ERROR] Erreur lors de la récupération des tontines: ERROR: column t.id_type does not exist
  Hint: Perhaps you meant to reference the column "tt.id_type".
  Position: 163
org.postgresql.util.PSQLException: ERROR: column t.id_type does not exist
  Hint: Perhaps you meant to reference the column "tt.id_type".
  Position: 163
	at org.postgresql.core.v3.QueryExecutorImpl.receiveErrorResponse(QueryExecutorImpl.java:2712)
	at org.postgresql.core.v3.QueryExecutorImpl.processResults(QueryExecutorImpl.java:2400)
	at org.postgresql.core.v3.QueryExecutorImpl.execute(QueryExecutorImpl.java:367)
	at org.postgresql.jdbc.PgStatement.executeInternal(PgStatement.java:498)
	at org.postgresql.jdbc.PgStatement.execute(PgStatement.java:415)
	at org.postgresql.jdbc.PgStatement.executeWithFlags(PgStatement.java:335)
	at org.postgresql.jdbc.PgStatement.executeCachedSql(PgStatement.java:321)
	at org.postgresql.jdbc.PgStatement.executeWithFlags(PgStatement.java:297)
	at org.postgresql.jdbc.PgStatement.executeQuery(PgStatement.java:246)
	at dao.TontineDAO.findAll(TontineDAO.java:150)
	at ui.panels.AccueilPanel.chargerStatistiques(AccueilPanel.java:406)
	at ui.panels.AccueilPanel.<init>(AccueilPanel.java:65)
	at ui.MainFrame.initializeComponents(MainFrame.java:129)
	at ui.MainFrame.<init>(MainFrame.java:89)
	at ui.MainFrame.lambda$2(MainFrame.java:543)
	at java.desktop/java.awt.event.InvocationEvent.dispatch(InvocationEvent.java:318)
	at java.desktop/java.awt.EventQueue.dispatchEventImpl(EventQueue.java:773)
	at java.desktop/java.awt.EventQueue$4.run(EventQueue.java:720)
	at java.desktop/java.awt.EventQueue$4.run(EventQueue.java:714)
	at java.base/java.security.AccessController.doPrivileged(AccessController.java:400)
	at java.base/java.security.ProtectionDomain$JavaSecurityAccessImpl.doIntersectionPrivilege(ProtectionDomain.java:87)
	at java.desktop/java.awt.EventQueue.dispatchEvent(EventQueue.java:742)
	at java.desktop/java.awt.EventDispatchThread.pumpOneEventForFilters(EventDispatchThread.java:203)
	at java.desktop/java.awt.EventDispatchThread.pumpEventsForFilter(EventDispatchThread.java:124)
	at java.desktop/java.awt.EventDispatchThread.pumpEventsForHierarchy(EventDispatchThread.java:113)
	at java.desktop/java.awt.EventDispatchThread.pumpEvents(EventDispatchThread.java:109)
	at java.desktop/java.awt.EventDispatchThread.pumpEvents(EventDispatchThread.java:101)
	at java.desktop/java.awt.EventDispatchThread.run(EventDispatchThread.java:90)
🔍 [DEBUG] Recherche de tous les crédits...
🔍 [DEBUG] Requête SQL: SELECT c.*, m.nom as membre_nom, m.prenom as membre_prenom, t.nom as tontine_nom FROM Credit c JOIN Membre m ON c.id_membre = m.id_membre JOIN Tontine t ON c.id_tontine = t.id_tontine ORDER BY c.date_emprunt DESC
🔍 [DEBUG] Tentative de connexion à la base de données...
🔍 [DEBUG] Driver: org.postgresql.Driver
🔍 [DEBUG] Driver chargé avec succès
🔍 [DEBUG] URL: jdbc:postgresql://localhost:5432/gestion_tontine
🔍 [DEBUG] Username: tontine_user
🔍 [DEBUG] Password: [MASQUÉ]
✅ Connexion à la base de données établie avec succès
🔍 [DEBUG] Connexion valide: true
🔍 [DEBUG] Auto-commit: true
❌ [ERROR] Erreur lors de la récupération des crédits: ERROR: column t.nom does not exist
  Hint: Perhaps you meant to reference the column "m.nom".
  Position: 61
❌ [ERROR] SQL State: 42703
org.postgresql.util.PSQLException: ERROR: column t.nom does not exist
  Hint: Perhaps you meant to reference the column "m.nom".
  Position: 61
	at org.postgresql.core.v3.QueryExecutorImpl.receiveErrorResponse(QueryExecutorImpl.java:2712)
	at org.postgresql.core.v3.QueryExecutorImpl.processResults(QueryExecutorImpl.java:2400)
	at org.postgresql.core.v3.QueryExecutorImpl.execute(QueryExecutorImpl.java:367)
	at org.postgresql.jdbc.PgStatement.executeInternal(PgStatement.java:498)
	at org.postgresql.jdbc.PgStatement.execute(PgStatement.java:415)
	at org.postgresql.jdbc.PgStatement.executeWithFlags(PgStatement.java:335)
	at org.postgresql.jdbc.PgStatement.executeCachedSql(PgStatement.java:321)
	at org.postgresql.jdbc.PgStatement.executeWithFlags(PgStatement.java:297)
	at org.postgresql.jdbc.PgStatement.executeQuery(PgStatement.java:246)
	at dao.CreditDAO.findAll(CreditDAO.java:171)
	at ui.panels.AccueilPanel.chargerStatistiques(AccueilPanel.java:421)
	at ui.panels.AccueilPanel.<init>(AccueilPanel.java:65)
	at ui.MainFrame.initializeComponents(MainFrame.java:129)
	at ui.MainFrame.<init>(MainFrame.java:89)
	at ui.MainFrame.lambda$2(MainFrame.java:543)
	at java.desktop/java.awt.event.InvocationEvent.dispatch(InvocationEvent.java:318)
	at java.desktop/java.awt.EventQueue.dispatchEventImpl(EventQueue.java:773)
	at java.desktop/java.awt.EventQueue$4.run(EventQueue.java:720)
	at java.desktop/java.awt.EventQueue$4.run(EventQueue.java:714)
	at java.base/java.security.AccessController.doPrivileged(AccessController.java:400)
	at java.base/java.security.ProtectionDomain$JavaSecurityAccessImpl.doIntersectionPrivilege(ProtectionDomain.java:87)
	at java.desktop/java.awt.EventQueue.dispatchEvent(EventQueue.java:742)
	at java.desktop/java.awt.EventDispatchThread.pumpOneEventForFilters(EventDispatchThread.java:203)
	at java.desktop/java.awt.EventDispatchThread.pumpEventsForFilter(EventDispatchThread.java:124)
	at java.desktop/java.awt.EventDispatchThread.pumpEventsForHierarchy(EventDispatchThread.java:113)
	at java.desktop/java.awt.EventDispatchThread.pumpEvents(EventDispatchThread.java:109)
	at java.desktop/java.awt.EventDispatchThread.pumpEvents(EventDispatchThread.java:101)
	at java.desktop/java.awt.EventDispatchThread.run(EventDispatchThread.java:90)
🔍 [DEBUG] Tentative de connexion à la base de données...
🔍 [DEBUG] Driver: org.postgresql.Driver
🔍 [DEBUG] Driver chargé avec succès
🔍 [DEBUG] URL: jdbc:postgresql://localhost:5432/gestion_tontine
🔍 [DEBUG] Username: tontine_user
🔍 [DEBUG] Password: [MASQUÉ]
✅ Connexion à la base de données établie avec succès
🔍 [DEBUG] Connexion valide: true
🔍 [DEBUG] Auto-commit: true
🔍 [TONTINE DEBUG] Recherche de toutes les tontines...
  - SQL: SELECT t.*, tt.nom as type_nom, tt.description as type_description, tt.est_obligatoire, tt.montant_cotisation, tt.frequence FROM Tontine t JOIN typetontine tt ON t.id_type = tt.id_type ORDER BY t.date_debut DESC
🔍 [DEBUG] Tentative de connexion à la base de données...
🔍 [DEBUG] Driver: org.postgresql.Driver
🔍 [DEBUG] Driver chargé avec succès
🔍 [DEBUG] URL: jdbc:postgresql://localhost:5432/gestion_tontine
🔍 [DEBUG] Username: tontine_user
🔍 [DEBUG] Password: [MASQUÉ]
✅ Connexion à la base de données établie avec succès
🔍 [DEBUG] Connexion valide: true
🔍 [DEBUG] Auto-commit: true
❌ [TONTINE ERROR] Erreur lors de la récupération des tontines: ERROR: column t.id_type does not exist
  Hint: Perhaps you meant to reference the column "tt.id_type".
  Position: 163
org.postgresql.util.PSQLException: ERROR: column t.id_type does not exist
  Hint: Perhaps you meant to reference the column "tt.id_type".
  Position: 163
	at org.postgresql.core.v3.QueryExecutorImpl.receiveErrorResponse(QueryExecutorImpl.java:2712)
	at org.postgresql.core.v3.QueryExecutorImpl.processResults(QueryExecutorImpl.java:2400)
	at org.postgresql.core.v3.QueryExecutorImpl.execute(QueryExecutorImpl.java:367)
	at org.postgresql.jdbc.PgStatement.executeInternal(PgStatement.java:498)
	at org.postgresql.jdbc.PgStatement.execute(PgStatement.java:415)
	at org.postgresql.jdbc.PgStatement.executeWithFlags(PgStatement.java:335)
	at org.postgresql.jdbc.PgStatement.executeCachedSql(PgStatement.java:321)
	at org.postgresql.jdbc.PgStatement.executeWithFlags(PgStatement.java:297)
	at org.postgresql.jdbc.PgStatement.executeQuery(PgStatement.java:246)
	at dao.TontineDAO.findAll(TontineDAO.java:150)
	at ui.panels.TontinesPanel.chargerTontines(TontinesPanel.java:416)
	at ui.panels.TontinesPanel.<init>(TontinesPanel.java:81)
	at ui.MainFrame.initializeComponents(MainFrame.java:131)
	at ui.MainFrame.<init>(MainFrame.java:89)
	at ui.MainFrame.lambda$2(MainFrame.java:543)
	at java.desktop/java.awt.event.InvocationEvent.dispatch(InvocationEvent.java:318)
	at java.desktop/java.awt.EventQueue.dispatchEventImpl(EventQueue.java:773)
	at java.desktop/java.awt.EventQueue$4.run(EventQueue.java:720)
	at java.desktop/java.awt.EventQueue$4.run(EventQueue.java:714)
	at java.base/java.security.AccessController.doPrivileged(AccessController.java:400)
	at java.base/java.security.ProtectionDomain$JavaSecurityAccessImpl.doIntersectionPrivilege(ProtectionDomain.java:87)
	at java.desktop/java.awt.EventQueue.dispatchEvent(EventQueue.java:742)
	at java.desktop/java.awt.EventDispatchThread.pumpOneEventForFilters(EventDispatchThread.java:203)
	at java.desktop/java.awt.EventDispatchThread.pumpEventsForFilter(EventDispatchThread.java:124)
	at java.desktop/java.awt.EventDispatchThread.pumpEventsForHierarchy(EventDispatchThread.java:113)
	at java.desktop/java.awt.EventDispatchThread.pumpEvents(EventDispatchThread.java:109)
	at java.desktop/java.awt.EventDispatchThread.pumpEvents(EventDispatchThread.java:101)
	at java.desktop/java.awt.EventDispatchThread.run(EventDispatchThread.java:90)
🔍 [TONTINE DEBUG] Recherche de toutes les tontines...
  - SQL: SELECT t.*, tt.nom as type_nom, tt.description as type_description, tt.est_obligatoire, tt.montant_cotisation, tt.frequence FROM Tontine t JOIN typetontine tt ON t.id_type = tt.id_type ORDER BY t.date_debut DESC
🔍 [DEBUG] Tentative de connexion à la base de données...
🔍 [DEBUG] Driver: org.postgresql.Driver
🔍 [DEBUG] Driver chargé avec succès
🔍 [DEBUG] URL: jdbc:postgresql://localhost:5432/gestion_tontine
🔍 [DEBUG] Username: tontine_user
🔍 [DEBUG] Password: [MASQUÉ]
✅ Connexion à la base de données établie avec succès
🔍 [DEBUG] Connexion valide: true
🔍 [DEBUG] Auto-commit: true
❌ [TONTINE ERROR] Erreur lors de la récupération des tontines: ERROR: column t.id_type does not exist
  Hint: Perhaps you meant to reference the column "tt.id_type".
  Position: 163
org.postgresql.util.PSQLException: ERROR: column t.id_type does not exist
  Hint: Perhaps you meant to reference the column "tt.id_type".
  Position: 163
	at org.postgresql.core.v3.QueryExecutorImpl.receiveErrorResponse(QueryExecutorImpl.java:2712)
	at org.postgresql.core.v3.QueryExecutorImpl.processResults(QueryExecutorImpl.java:2400)
	at org.postgresql.core.v3.QueryExecutorImpl.execute(QueryExecutorImpl.java:367)
	at org.postgresql.jdbc.PgStatement.executeInternal(PgStatement.java:498)
	at org.postgresql.jdbc.PgStatement.execute(PgStatement.java:415)
	at org.postgresql.jdbc.PgStatement.executeWithFlags(PgStatement.java:335)
	at org.postgresql.jdbc.PgStatement.executeCachedSql(PgStatement.java:321)
	at org.postgresql.jdbc.PgStatement.executeWithFlags(PgStatement.java:297)
	at org.postgresql.jdbc.PgStatement.executeQuery(PgStatement.java:246)
	at dao.TontineDAO.findAll(TontineDAO.java:150)
	at ui.panels.SeancesPanel.createModernHeader(SeancesPanel.java:180)
	at ui.panels.SeancesPanel.initComponents(SeancesPanel.java:97)
	at ui.panels.SeancesPanel.<init>(SeancesPanel.java:80)
	at ui.MainFrame.initializeComponents(MainFrame.java:132)
	at ui.MainFrame.<init>(MainFrame.java:89)
	at ui.MainFrame.lambda$2(MainFrame.java:543)
	at java.desktop/java.awt.event.InvocationEvent.dispatch(InvocationEvent.java:318)
	at java.desktop/java.awt.EventQueue.dispatchEventImpl(EventQueue.java:773)
	at java.desktop/java.awt.EventQueue$4.run(EventQueue.java:720)
	at java.desktop/java.awt.EventQueue$4.run(EventQueue.java:714)
	at java.base/java.security.AccessController.doPrivileged(AccessController.java:400)
	at java.base/java.security.ProtectionDomain$JavaSecurityAccessImpl.doIntersectionPrivilege(ProtectionDomain.java:87)
	at java.desktop/java.awt.EventQueue.dispatchEvent(EventQueue.java:742)
	at java.desktop/java.awt.EventDispatchThread.pumpOneEventForFilters(EventDispatchThread.java:203)
	at java.desktop/java.awt.EventDispatchThread.pumpEventsForFilter(EventDispatchThread.java:124)
	at java.desktop/java.awt.EventDispatchThread.pumpEventsForHierarchy(EventDispatchThread.java:113)
	at java.desktop/java.awt.EventDispatchThread.pumpEvents(EventDispatchThread.java:109)
	at java.desktop/java.awt.EventDispatchThread.pumpEvents(EventDispatchThread.java:101)
	at java.desktop/java.awt.EventDispatchThread.run(EventDispatchThread.java:90)
🔍 [DEBUG] Tentative de connexion à la base de données...
🔍 [DEBUG] Driver: org.postgresql.Driver
🔍 [DEBUG] Driver chargé avec succès
🔍 [DEBUG] URL: jdbc:postgresql://localhost:5432/gestion_tontine
🔍 [DEBUG] Username: tontine_user
🔍 [DEBUG] Password: [MASQUÉ]
✅ Connexion à la base de données établie avec succès
🔍 [DEBUG] Connexion valide: true
🔍 [DEBUG] Auto-commit: true
Erreur lors de la récupération des séances: ERROR: relation "seance" does not exist
  Position: 83
🔍 [DEBUG] Tentative de connexion à la base de données...
🔍 [DEBUG] Driver: org.postgresql.Driver
🔍 [DEBUG] Driver chargé avec succès
🔍 [DEBUG] URL: jdbc:postgresql://localhost:5432/gestion_tontine
🔍 [DEBUG] Username: tontine_user
🔍 [DEBUG] Password: [MASQUÉ]
✅ Connexion à la base de données établie avec succès
🔍 [DEBUG] Connexion valide: true
🔍 [DEBUG] Auto-commit: true
🔍 [DEBUG] Recherche de tous les crédits...
🔍 [DEBUG] Requête SQL: SELECT c.*, m.nom as membre_nom, m.prenom as membre_prenom, t.nom as tontine_nom FROM Credit c JOIN Membre m ON c.id_membre = m.id_membre JOIN Tontine t ON c.id_tontine = t.id_tontine ORDER BY c.date_emprunt DESC
🔍 [DEBUG] Tentative de connexion à la base de données...
🔍 [DEBUG] Driver: org.postgresql.Driver
🔍 [DEBUG] Driver chargé avec succès
🔍 [DEBUG] URL: jdbc:postgresql://localhost:5432/gestion_tontine
🔍 [DEBUG] Username: tontine_user
🔍 [DEBUG] Password: [MASQUÉ]
✅ Connexion à la base de données établie avec succès
🔍 [DEBUG] Connexion valide: true
🔍 [DEBUG] Auto-commit: true
❌ [ERROR] Erreur lors de la récupération des crédits: ERROR: column t.nom does not exist
  Hint: Perhaps you meant to reference the column "m.nom".
  Position: 61
❌ [ERROR] SQL State: 42703
org.postgresql.util.PSQLException: ERROR: column t.nom does not exist
  Hint: Perhaps you meant to reference the column "m.nom".
  Position: 61
	at org.postgresql.core.v3.QueryExecutorImpl.receiveErrorResponse(QueryExecutorImpl.java:2712)
	at org.postgresql.core.v3.QueryExecutorImpl.processResults(QueryExecutorImpl.java:2400)
	at org.postgresql.core.v3.QueryExecutorImpl.execute(QueryExecutorImpl.java:367)
	at org.postgresql.jdbc.PgStatement.executeInternal(PgStatement.java:498)
	at org.postgresql.jdbc.PgStatement.execute(PgStatement.java:415)
	at org.postgresql.jdbc.PgStatement.executeWithFlags(PgStatement.java:335)
	at org.postgresql.jdbc.PgStatement.executeCachedSql(PgStatement.java:321)
	at org.postgresql.jdbc.PgStatement.executeWithFlags(PgStatement.java:297)
	at org.postgresql.jdbc.PgStatement.executeQuery(PgStatement.java:246)
	at dao.CreditDAO.findAll(CreditDAO.java:171)
	at ui.panels.CreditsPanel.chargerCredits(CreditsPanel.java:451)
	at ui.panels.CreditsPanel.<init>(CreditsPanel.java:86)
	at ui.MainFrame.initializeComponents(MainFrame.java:133)
	at ui.MainFrame.<init>(MainFrame.java:89)
	at ui.MainFrame.lambda$2(MainFrame.java:543)
	at java.desktop/java.awt.event.InvocationEvent.dispatch(InvocationEvent.java:318)
	at java.desktop/java.awt.EventQueue.dispatchEventImpl(EventQueue.java:773)
	at java.desktop/java.awt.EventQueue$4.run(EventQueue.java:720)
	at java.desktop/java.awt.EventQueue$4.run(EventQueue.java:714)
	at java.base/java.security.AccessController.doPrivileged(AccessController.java:400)
	at java.base/java.security.ProtectionDomain$JavaSecurityAccessImpl.doIntersectionPrivilege(ProtectionDomain.java:87)
	at java.desktop/java.awt.EventQueue.dispatchEvent(EventQueue.java:742)
	at java.desktop/java.awt.EventDispatchThread.pumpOneEventForFilters(EventDispatchThread.java:203)
	at java.desktop/java.awt.EventDispatchThread.pumpEventsForFilter(EventDispatchThread.java:124)
	at java.desktop/java.awt.EventDispatchThread.pumpEventsForHierarchy(EventDispatchThread.java:113)
	at java.desktop/java.awt.EventDispatchThread.pumpEvents(EventDispatchThread.java:109)
	at java.desktop/java.awt.EventDispatchThread.pumpEvents(EventDispatchThread.java:101)
	at java.desktop/java.awt.EventDispatchThread.run(EventDispatchThread.java:90)
🔍 [DEBUG] Tentative de connexion à la base de données...
🔍 [DEBUG] Driver: org.postgresql.Driver
🔍 [DEBUG] Driver chargé avec succès
🔍 [DEBUG] URL: jdbc:postgresql://localhost:5432/gestion_tontine
🔍 [DEBUG] Username: tontine_user
🔍 [DEBUG] Password: [MASQUÉ]
✅ Connexion à la base de données établie avec succès
🔍 [DEBUG] Connexion valide: true
🔍 [DEBUG] Auto-commit: true
🔍 [DEBUG] Tentative de connexion à la base de données...
🔍 [DEBUG] Driver: org.postgresql.Driver
🔍 [DEBUG] Driver chargé avec succès
🔍 [DEBUG] URL: jdbc:postgresql://localhost:5432/gestion_tontine
🔍 [DEBUG] Username: tontine_user
🔍 [DEBUG] Password: [MASQUÉ]
✅ Connexion à la base de données établie avec succès
🔍 [DEBUG] Connexion valide: true
🔍 [DEBUG] Auto-commit: true
🔍 [TONTINE DEBUG] Recherche de toutes les tontines...
  - SQL: SELECT t.*, tt.nom as type_nom, tt.description as type_description, tt.est_obligatoire, tt.montant_cotisation, tt.frequence FROM Tontine t JOIN typetontine tt ON t.id_type = tt.id_type ORDER BY t.date_debut DESC
🔍 [DEBUG] Tentative de connexion à la base de données...
🔍 [DEBUG] Driver: org.postgresql.Driver
🔍 [DEBUG] Driver chargé avec succès
🔍 [DEBUG] URL: jdbc:postgresql://localhost:5432/gestion_tontine
🔍 [DEBUG] Username: tontine_user
🔍 [DEBUG] Password: [MASQUÉ]
✅ Connexion à la base de données établie avec succès
🔍 [DEBUG] Connexion valide: true
🔍 [DEBUG] Auto-commit: true
❌ [TONTINE ERROR] Erreur lors de la récupération des tontines: ERROR: column t.id_type does not exist
  Hint: Perhaps you meant to reference the column "tt.id_type".
  Position: 163
org.postgresql.util.PSQLException: ERROR: column t.id_type does not exist
  Hint: Perhaps you meant to reference the column "tt.id_type".
  Position: 163
	at org.postgresql.core.v3.QueryExecutorImpl.receiveErrorResponse(QueryExecutorImpl.java:2712)
	at org.postgresql.core.v3.QueryExecutorImpl.processResults(QueryExecutorImpl.java:2400)
	at org.postgresql.core.v3.QueryExecutorImpl.execute(QueryExecutorImpl.java:367)
	at org.postgresql.jdbc.PgStatement.executeInternal(PgStatement.java:498)
	at org.postgresql.jdbc.PgStatement.execute(PgStatement.java:415)
	at org.postgresql.jdbc.PgStatement.executeWithFlags(PgStatement.java:335)
	at org.postgresql.jdbc.PgStatement.executeCachedSql(PgStatement.java:321)
	at org.postgresql.jdbc.PgStatement.executeWithFlags(PgStatement.java:297)
	at org.postgresql.jdbc.PgStatement.executeQuery(PgStatement.java:246)
	at dao.TontineDAO.findAll(TontineDAO.java:150)
	at ui.panels.AccueilPanel.chargerStatistiques(AccueilPanel.java:406)
	at ui.panels.AccueilPanel.rafraichir(AccueilPanel.java:442)
	at ui.MainFrame.refreshCurrentPanel(MainFrame.java:454)
	at ui.MainFrame.showPanel(MainFrame.java:444)
	at ui.MainFrame.initializeComponents(MainFrame.java:149)
	at ui.MainFrame.<init>(MainFrame.java:89)
	at ui.MainFrame.lambda$2(MainFrame.java:543)
	at java.desktop/java.awt.event.InvocationEvent.dispatch(InvocationEvent.java:318)
	at java.desktop/java.awt.EventQueue.dispatchEventImpl(EventQueue.java:773)
	at java.desktop/java.awt.EventQueue$4.run(EventQueue.java:720)
	at java.desktop/java.awt.EventQueue$4.run(EventQueue.java:714)
	at java.base/java.security.AccessController.doPrivileged(AccessController.java:400)
	at java.base/java.security.ProtectionDomain$JavaSecurityAccessImpl.doIntersectionPrivilege(ProtectionDomain.java:87)
	at java.desktop/java.awt.EventQueue.dispatchEvent(EventQueue.java:742)
	at java.desktop/java.awt.EventDispatchThread.pumpOneEventForFilters(EventDispatchThread.java:203)
	at java.desktop/java.awt.EventDispatchThread.pumpEventsForFilter(EventDispatchThread.java:124)
	at java.desktop/java.awt.EventDispatchThread.pumpEventsForHierarchy(EventDispatchThread.java:113)
	at java.desktop/java.awt.EventDispatchThread.pumpEvents(EventDispatchThread.java:109)
	at java.desktop/java.awt.EventDispatchThread.pumpEvents(EventDispatchThread.java:101)
	at java.desktop/java.awt.EventDispatchThread.run(EventDispatchThread.java:90)
🔍 [DEBUG] Recherche de tous les crédits...
🔍 [DEBUG] Requête SQL: SELECT c.*, m.nom as membre_nom, m.prenom as membre_prenom, t.nom as tontine_nom FROM Credit c JOIN Membre m ON c.id_membre = m.id_membre JOIN Tontine t ON c.id_tontine = t.id_tontine ORDER BY c.date_emprunt DESC
🔍 [DEBUG] Tentative de connexion à la base de données...
🔍 [DEBUG] Driver: org.postgresql.Driver
🔍 [DEBUG] Driver chargé avec succès
🔍 [DEBUG] URL: jdbc:postgresql://localhost:5432/gestion_tontine
🔍 [DEBUG] Username: tontine_user
🔍 [DEBUG] Password: [MASQUÉ]
✅ Connexion à la base de données établie avec succès
🔍 [DEBUG] Connexion valide: true
🔍 [DEBUG] Auto-commit: true
❌ [ERROR] Erreur lors de la récupération des crédits: ERROR: column t.nom does not exist
  Hint: Perhaps you meant to reference the column "m.nom".
  Position: 61
❌ [ERROR] SQL State: 42703
org.postgresql.util.PSQLException: ERROR: column t.nom does not exist
  Hint: Perhaps you meant to reference the column "m.nom".
  Position: 61
	at org.postgresql.core.v3.QueryExecutorImpl.receiveErrorResponse(QueryExecutorImpl.java:2712)
	at org.postgresql.core.v3.QueryExecutorImpl.processResults(QueryExecutorImpl.java:2400)
	at org.postgresql.core.v3.QueryExecutorImpl.execute(QueryExecutorImpl.java:367)
	at org.postgresql.jdbc.PgStatement.executeInternal(PgStatement.java:498)
	at org.postgresql.jdbc.PgStatement.execute(PgStatement.java:415)
	at org.postgresql.jdbc.PgStatement.executeWithFlags(PgStatement.java:335)
	at org.postgresql.jdbc.PgStatement.executeCachedSql(PgStatement.java:321)
	at org.postgresql.jdbc.PgStatement.executeWithFlags(PgStatement.java:297)
	at org.postgresql.jdbc.PgStatement.executeQuery(PgStatement.java:246)
	at dao.CreditDAO.findAll(CreditDAO.java:171)
	at ui.panels.AccueilPanel.chargerStatistiques(AccueilPanel.java:421)
	at ui.panels.AccueilPanel.rafraichir(AccueilPanel.java:442)
	at ui.MainFrame.refreshCurrentPanel(MainFrame.java:454)
	at ui.MainFrame.showPanel(MainFrame.java:444)
	at ui.MainFrame.initializeComponents(MainFrame.java:149)
	at ui.MainFrame.<init>(MainFrame.java:89)
	at ui.MainFrame.lambda$2(MainFrame.java:543)
	at java.desktop/java.awt.event.InvocationEvent.dispatch(InvocationEvent.java:318)
	at java.desktop/java.awt.EventQueue.dispatchEventImpl(EventQueue.java:773)
	at java.desktop/java.awt.EventQueue$4.run(EventQueue.java:720)
	at java.desktop/java.awt.EventQueue$4.run(EventQueue.java:714)
	at java.base/java.security.AccessController.doPrivileged(AccessController.java:400)
	at java.base/java.security.ProtectionDomain$JavaSecurityAccessImpl.doIntersectionPrivilege(ProtectionDomain.java:87)
	at java.desktop/java.awt.EventQueue.dispatchEvent(EventQueue.java:742)
	at java.desktop/java.awt.EventDispatchThread.pumpOneEventForFilters(EventDispatchThread.java:203)
	at java.desktop/java.awt.EventDispatchThread.pumpEventsForFilter(EventDispatchThread.java:124)
	at java.desktop/java.awt.EventDispatchThread.pumpEventsForHierarchy(EventDispatchThread.java:113)
	at java.desktop/java.awt.EventDispatchThread.pumpEvents(EventDispatchThread.java:109)
	at java.desktop/java.awt.EventDispatchThread.pumpEvents(EventDispatchThread.java:101)
	at java.desktop/java.awt.EventDispatchThread.run(EventDispatchThread.java:90)
🔍 [TONTINE DEBUG] Recherche de toutes les tontines...
  - SQL: SELECT t.*, tt.nom as type_nom, tt.description as type_description, tt.est_obligatoire, tt.montant_cotisation, tt.frequence FROM Tontine t JOIN typetontine tt ON t.id_type = tt.id_type ORDER BY t.date_debut DESC
🔍 [DEBUG] Tentative de connexion à la base de données...
🔍 [DEBUG] Driver: org.postgresql.Driver
🔍 [DEBUG] Driver chargé avec succès
🔍 [DEBUG] URL: jdbc:postgresql://localhost:5432/gestion_tontine
🔍 [DEBUG] Username: tontine_user
🔍 [DEBUG] Password: [MASQUÉ]
✅ Connexion à la base de données établie avec succès
🔍 [DEBUG] Connexion valide: true
🔍 [DEBUG] Auto-commit: true
❌ [TONTINE ERROR] Erreur lors de la récupération des tontines: ERROR: column t.id_type does not exist
  Hint: Perhaps you meant to reference the column "tt.id_type".
  Position: 163
org.postgresql.util.PSQLException: ERROR: column t.id_type does not exist
  Hint: Perhaps you meant to reference the column "tt.id_type".
  Position: 163
	at org.postgresql.core.v3.QueryExecutorImpl.receiveErrorResponse(QueryExecutorImpl.java:2712)
	at org.postgresql.core.v3.QueryExecutorImpl.processResults(QueryExecutorImpl.java:2400)
	at org.postgresql.core.v3.QueryExecutorImpl.execute(QueryExecutorImpl.java:367)
	at org.postgresql.jdbc.PgStatement.executeInternal(PgStatement.java:498)
	at org.postgresql.jdbc.PgStatement.execute(PgStatement.java:415)
	at org.postgresql.jdbc.PgStatement.executeWithFlags(PgStatement.java:335)
	at org.postgresql.jdbc.PgStatement.executeCachedSql(PgStatement.java:321)
	at org.postgresql.jdbc.PgStatement.executeWithFlags(PgStatement.java:297)
	at org.postgresql.jdbc.PgStatement.executeQuery(PgStatement.java:246)
	at dao.TontineDAO.findAll(TontineDAO.java:150)
	at ui.panels.TontinesPanel.chargerTontines(TontinesPanel.java:416)
	at ui.panels.TontinesPanel.rafraichir(TontinesPanel.java:573)
	at ui.MainFrame.refreshCurrentPanel(MainFrame.java:458)
	at ui.MainFrame.showPanel(MainFrame.java:444)
	at ui.MainFrame.lambda$0(MainFrame.java:346)
	at java.desktop/javax.swing.AbstractButton.fireActionPerformed(AbstractButton.java:1972)
	at java.desktop/javax.swing.AbstractButton$Handler.actionPerformed(AbstractButton.java:2314)
	at java.desktop/javax.swing.DefaultButtonModel.fireActionPerformed(DefaultButtonModel.java:407)
	at java.desktop/javax.swing.DefaultButtonModel.setPressed(DefaultButtonModel.java:262)
	at java.desktop/javax.swing.plaf.basic.BasicButtonListener.mouseReleased(BasicButtonListener.java:279)
	at java.desktop/java.awt.AWTEventMulticaster.mouseReleased(AWTEventMulticaster.java:299)
	at java.desktop/java.awt.Component.processMouseEvent(Component.java:6621)
	at java.desktop/javax.swing.JComponent.processMouseEvent(JComponent.java:3398)
	at java.desktop/java.awt.Component.processEvent(Component.java:6386)
	at java.desktop/java.awt.Container.processEvent(Container.java:2266)
	at java.desktop/java.awt.Component.dispatchEventImpl(Component.java:4996)
	at java.desktop/java.awt.Container.dispatchEventImpl(Container.java:2324)
	at java.desktop/java.awt.Component.dispatchEvent(Component.java:4828)
	at java.desktop/java.awt.LightweightDispatcher.retargetMouseEvent(Container.java:4948)
	at java.desktop/java.awt.LightweightDispatcher.processMouseEvent(Container.java:4575)
	at java.desktop/java.awt.LightweightDispatcher.dispatchEvent(Container.java:4516)
	at java.desktop/java.awt.Container.dispatchEventImpl(Container.java:2310)
	at java.desktop/java.awt.Window.dispatchEventImpl(Window.java:2780)
	at java.desktop/java.awt.Component.dispatchEvent(Component.java:4828)
	at java.desktop/java.awt.EventQueue.dispatchEventImpl(EventQueue.java:775)
	at java.desktop/java.awt.EventQueue$4.run(EventQueue.java:720)
	at java.desktop/java.awt.EventQueue$4.run(EventQueue.java:714)
	at java.base/java.security.AccessController.doPrivileged(AccessController.java:400)
	at java.base/java.security.ProtectionDomain$JavaSecurityAccessImpl.doIntersectionPrivilege(ProtectionDomain.java:87)
	at java.base/java.security.ProtectionDomain$JavaSecurityAccessImpl.doIntersectionPrivilege(ProtectionDomain.java:98)
	at java.desktop/java.awt.EventQueue$5.run(EventQueue.java:747)
	at java.desktop/java.awt.EventQueue$5.run(EventQueue.java:745)
	at java.base/java.security.AccessController.doPrivileged(AccessController.java:400)
	at java.base/java.security.ProtectionDomain$JavaSecurityAccessImpl.doIntersectionPrivilege(ProtectionDomain.java:87)
	at java.desktop/java.awt.EventQueue.dispatchEvent(EventQueue.java:744)
	at java.desktop/java.awt.EventDispatchThread.pumpOneEventForFilters(EventDispatchThread.java:203)
	at java.desktop/java.awt.EventDispatchThread.pumpEventsForFilter(EventDispatchThread.java:124)
	at java.desktop/java.awt.EventDispatchThread.pumpEventsForHierarchy(EventDispatchThread.java:113)
	at java.desktop/java.awt.EventDispatchThread.pumpEvents(EventDispatchThread.java:109)
	at java.desktop/java.awt.EventDispatchThread.pumpEvents(EventDispatchThread.java:101)
	at java.desktop/java.awt.EventDispatchThread.run(EventDispatchThread.java:90)
🔍 [DEBUG] Tentative de connexion à la base de données...
🔍 [DEBUG] Driver: org.postgresql.Driver
🔍 [DEBUG] Driver chargé avec succès
🔍 [DEBUG] URL: jdbc:postgresql://localhost:5432/gestion_tontine
🔍 [DEBUG] Username: tontine_user
🔍 [DEBUG] Password: [MASQUÉ]
✅ Connexion à la base de données établie avec succès
🔍 [DEBUG] Connexion valide: true
🔍 [DEBUG] Auto-commit: true
Erreur lors de la création de la tontine: ERROR: column "id_type" of relation "tontine" does not exist
  Position: 22
